30,16
############################################################
##                                                        ##
##                                                        ##
##                                                        ##
##                                                        ##
## - - - - - - -                                          ##
##                                                        ##
##                                                        ##
##                                                       ###
##                                                     # ###
##. . . . . . . . . . . . . . . . . . . . . . .#.#.#.#.#.###
##. . .#. .#. . . . . . . . . . . . . . . . .#.#.#.#.#.#.###
##. .#. . . .#. . . . . . . . . . . . . . .#. . . .#. . . ##
##. .#.W.W.W.#. . . . . . . . . . . . . .#. . . . .#. . . ##
##. .#.W.W.W.#. . . . . . . . . . . . .#. . . . . .#. . . ##
############################################################
#tiles/wall.png
.tiles/grass.png
-tiles/rope.png
Wtiles/water.png

